src/agent/loop.ts(33,57): error TS2339: Property 'function' does not exist on type 'ChatCompletionMessageToolCall | ChatCompletionMessageToolCall'.
  Property 'function' does not exist on type 'ChatCompletionMessageCustomToolCall'.
src/agent/loop.ts(34,50): error TS2339: Property 'function' does not exist on type 'ChatCompletionMessageToolCall | ChatCompletionMessageToolCall'.
  Property 'function' does not exist on type 'ChatCompletionMessageCustomToolCall'.
src/agent/loop.ts(37,63): error TS2339: Property 'function' does not exist on type 'ChatCompletionMessageToolCall | ChatCompletionMessageToolCall'.
  Property 'function' does not exist on type 'ChatCompletionMessageCustomToolCall'.
src/agent/loop.ts(42,40): error TS2339: Property 'function' does not exist on type 'ChatCompletionMessageToolCall | ChatCompletionMessageToolCall'.
  Property 'function' does not exist on type 'ChatCompletionMessageCustomToolCall'.
src/agent/loop.ts(49,40): error TS2339: Property 'function' does not exist on type 'ChatCompletionMessageToolCall | ChatCompletionMessageToolCall'.
  Property 'function' does not exist on type 'ChatCompletionMessageCustomToolCall'.
